{"schema_version":"tau.experiment.metric.v1","event_id":"metric-8ad4a324569a1cd0dc6218d478e2921ad89285ed76e587397bce3a6051b295ce","workspace_id":"workspace-a","cluster":"cluster-a","source_store_id":"store-a","project":"project-alpha","experiment_id":"experiment-alpha","run_group_id":"baseline","run_id":"seed-1","metric_name":"trial/gpu/memory_allocated_gb","step":7,"wall_time":"2026-09-24T18:30:12.25Z","value":42,"source":"captioner-jsonl","metric_file_id":"jsonl-seed-1","metric_file_path":"metrics/seed-1.parquet","tags":{"dataset":"vision","jsonl.history_file":"history.jsonl","jsonl.history_line":"9","jsonl.history_path":"runs/seed-1/history.jsonl","jsonl.importer":"tau.jsonl.import.v1","jsonl.raw_key":"gpu/memory_allocated_gb","recipe":"vit-enc","tau.metric.card":"Other metrics","tau.metric.standard":"false"},"exported_at":"2026-09-18T19:00:00Z"}
{"schema_version":"tau.experiment.metric.v1","event_id":"metric-523f875a4048bd10777758c90c0f19247fac103b09f105738b7d1cb42c61a332","workspace_id":"workspace-a","cluster":"cluster-a","source_store_id":"store-a","project":"project-alpha","experiment_id":"experiment-alpha","run_group_id":"baseline","run_id":"seed-1","metric_name":"trial/train/loss","step":7,"wall_time":"2026-09-24T18:30:12.25Z","value":0.75,"source":"captioner-jsonl","metric_file_id":"jsonl-seed-1","metric_file_path":"metrics/seed-1.parquet","tags":{"dataset":"vision","jsonl.history_file":"history.jsonl","jsonl.history_line":"9","jsonl.history_path":"runs/seed-1/history.jsonl","jsonl.importer":"tau.jsonl.import.v1","jsonl.raw_key":"train/loss","recipe":"vit-enc","tau.metric.card":"Other metrics","tau.metric.standard":"false"},"exported_at":"2026-09-18T19:00:00Z"}
