{"schema_version":"tau.experiment.metric.v1","event_id":"metric-047eab10d88cce099d898fc47e13a21c33a274421485165a4a97f1fb76eb97ef","workspace_id":"workspace-a","cluster":"cluster-a","namespace":"namespace-a","source_store_id":"store-a","project":"project-alpha","experiment_id":"experiment-alpha","run_group_id":"baseline","run_id":"seed-1","metric_name":"train/loss","step":42,"wall_time":"2026-09-18T18:30:12.123456789Z","value":0.125,"unit":"ratio","source":"jsonl","split":"train","metric_file_id":"metrics-seed-1","metric_file_path":"metrics/history.jsonl","tags":{"alpha":"first","html":"<ok>","zebra":"last"},"exported_at":"2026-09-18T18:31:00.987654321Z"}
